[0m17:41:09.790496 [debug] [MainThread]: Sending event: {'category': 'dbt', 'action': 'invocation', 'label': 'start', 'context': [<snowplow_tracker.self_describing_json.SelfDescribingJson object at 0x10d109160>, <snowplow_tracker.self_describing_json.SelfDescribingJson object at 0x10e477390>, <snowplow_tracker.self_describing_json.SelfDescribingJson object at 0x10e477610>]}


============================== 17:41:09.792194 | 2408f29e-3ec9-4036-8db8-16af97634d78 ==============================
[0m17:41:09.792194 [info ] [MainThread]: Running with dbt=1.12.0
[0m17:41:09.792459 [debug] [MainThread]: running dbt with arguments {'use_colors': 'True', 'partial_parse': 'True', 'log_path': 'logs', 'log_cache_events': 'False', 'invocation_command': 'dbt debug', 'use_experimental_parser': 'False', 'maximum_seed_size_mib': '1', 'send_anonymous_usage_stats': 'True', 'warn_error_options': 'WarnErrorOptionsV2(error=[], warn=[], silence=[])', 'static_parser': 'True', 'empty': 'None', 'cache_selected_only': 'False', 'warn_error': 'None', 'no_print': 'None', 'quiet': 'False', 'profiles_dir': '/Users/lukebarousse/.dbt', 'introspect': 'True', 'write_json': 'True', 'log_format': 'default', 'hints_enabled': 'True', 'printer_width': '80', 'indirect_selection': 'eager', 'fail_fast': 'False', 'version_check': 'True', 'target_path': 'None', 'debug': 'False'}
[0m17:41:09.796603 [info ] [MainThread]: dbt version: 1.12.0
[0m17:41:09.796752 [info ] [MainThread]: python version: 3.13.3
[0m17:41:09.796871 [info ] [MainThread]: python path: /Users/lukebarousse/Developer/_Scratch/basics_testing/.venv/bin/python
[0m17:41:09.796987 [info ] [MainThread]: os info: macOS-26.6-arm64-arm-64bit-Mach-O
[0m17:41:09.834741 [info ] [MainThread]: Using profiles dir at /Users/lukebarousse/.dbt
[0m17:41:09.834967 [info ] [MainThread]: Using profiles.yml file at /Users/lukebarousse/.dbt/profiles.yml
[0m17:41:09.835097 [info ] [MainThread]: Using dbt_project.yml file at /Users/lukebarousse/Developer/_Scratch/basics_testing/dbt_project.yml
[0m17:41:09.835256 [error] [MainThread]: [[31mERROR[0m]: Encountered an error:
Internal Error
  Profile should not be None if loading profile completed
[0m17:41:09.836423 [debug] [MainThread]: Resource report: {"command_name": "debug", "command_success": false, "command_wall_clock_time": 0.078847624, "process_in_blocks": "0", "process_kernel_time": 0.080341, "process_mem_max_rss": "140640256", "process_out_blocks": "0", "process_user_time": 0.548202}
[0m17:41:09.836604 [debug] [MainThread]: Command `dbt debug` failed at 17:41:09.836568 after 0.08 seconds
[0m17:41:09.836734 [debug] [MainThread]: Sending event: {'category': 'dbt', 'action': 'invocation', 'label': 'end', 'context': [<snowplow_tracker.self_describing_json.SelfDescribingJson object at 0x10e685350>, <snowplow_tracker.self_describing_json.SelfDescribingJson object at 0x10e5f3bf0>, <snowplow_tracker.self_describing_json.SelfDescribingJson object at 0x10e60b350>]}
[0m17:41:09.836867 [debug] [MainThread]: Flushing usage events
[0m17:41:10.091333 [debug] [MainThread]: An error was encountered while trying to flush usage events
[0m17:41:26.121854 [debug] [MainThread]: Sending event: {'category': 'dbt', 'action': 'invocation', 'label': 'start', 'context': [<snowplow_tracker.self_describing_json.SelfDescribingJson object at 0x10cad5160>, <snowplow_tracker.self_describing_json.SelfDescribingJson object at 0x10de9b390>, <snowplow_tracker.self_describing_json.SelfDescribingJson object at 0x10de9b750>]}


============================== 17:41:26.123812 | c21c786f-e1a5-4e3c-96b0-5e825868f6fd ==============================
[0m17:41:26.123812 [info ] [MainThread]: Running with dbt=1.12.0
[0m17:41:26.124072 [debug] [MainThread]: running dbt with arguments {'target_path': 'None', 'introspect': 'True', 'use_experimental_parser': 'False', 'no_print': 'None', 'partial_parse': 'True', 'printer_width': '80', 'send_anonymous_usage_stats': 'True', 'debug': 'False', 'invocation_command': 'dbt run', 'empty': 'False', 'cache_selected_only': 'False', 'fail_fast': 'False', 'static_parser': 'True', 'indirect_selection': 'eager', 'log_path': 'logs', 'log_cache_events': 'False', 'warn_error_options': 'WarnErrorOptionsV2(error=[], warn=[], silence=[])', 'log_format': 'default', 'warn_error': 'None', 'quiet': 'False', 'version_check': 'True', 'write_json': 'True', 'use_colors': 'True', 'profiles_dir': '/Users/lukebarousse/.dbt', 'hints_enabled': 'True', 'maximum_seed_size_mib': '1'}
[0m17:41:26.124289 [error] [MainThread]: [[31mERROR[0m]: Encountered an error:
Runtime Error
  No dbt_project.yml found at expected path /Users/lukebarousse/Developer/_Scratch/basics_testing/dbt_project.yml
  Verify that each entry within packages.yml (and their transitive dependencies) contains a file named dbt_project.yml
  
[0m17:41:26.125400 [debug] [MainThread]: Resource report: {"command_name": "run", "command_success": false, "command_wall_clock_time": 0.037055917, "process_in_blocks": "0", "process_kernel_time": 0.076754, "process_mem_max_rss": "120848384", "process_out_blocks": "0", "process_user_time": 0.509834}
[0m17:41:26.125576 [debug] [MainThread]: Command `dbt run` failed at 17:41:26.125543 after 0.04 seconds
[0m17:41:26.125716 [debug] [MainThread]: Sending event: {'category': 'dbt', 'action': 'invocation', 'label': 'end', 'context': [<snowplow_tracker.self_describing_json.SelfDescribingJson object at 0x10df30180>, <snowplow_tracker.self_describing_json.SelfDescribingJson object at 0x10def16d0>, <snowplow_tracker.self_describing_json.SelfDescribingJson object at 0x10ded2cf0>]}
[0m17:41:26.125836 [debug] [MainThread]: Flushing usage events
[0m17:41:26.298293 [debug] [MainThread]: An error was encountered while trying to flush usage events
[0m17:41:32.517309 [debug] [MainThread]: Sending event: {'category': 'dbt', 'action': 'invocation', 'label': 'start', 'context': [<snowplow_tracker.self_describing_json.SelfDescribingJson object at 0x10aa75160>, <snowplow_tracker.self_describing_json.SelfDescribingJson object at 0x10bde3390>, <snowplow_tracker.self_describing_json.SelfDescribingJson object at 0x10bde3610>]}


============================== 17:41:32.518927 | 7c8d7261-44f9-4907-8efb-1a46c95ecd5d ==============================
[0m17:41:32.518927 [info ] [MainThread]: Running with dbt=1.12.0
[0m17:41:32.519184 [debug] [MainThread]: running dbt with arguments {'profiles_dir': '/Users/lukebarousse/.dbt', 'target_path': 'None', 'warn_error': 'None', 'invocation_command': 'dbt debug', 'send_anonymous_usage_stats': 'True', 'quiet': 'False', 'hints_enabled': 'True', 'use_colors': 'True', 'indirect_selection': 'eager', 'printer_width': '80', 'write_json': 'True', 'log_format': 'default', 'empty': 'None', 'version_check': 'True', 'partial_parse': 'True', 'log_cache_events': 'False', 'warn_error_options': 'WarnErrorOptionsV2(error=[], warn=[], silence=[])', 'maximum_seed_size_mib': '1', 'use_experimental_parser': 'False', 'cache_selected_only': 'False', 'debug': 'False', 'fail_fast': 'False', 'static_parser': 'True', 'no_print': 'None', 'log_path': 'logs', 'introspect': 'True'}
[0m17:41:32.522926 [info ] [MainThread]: dbt version: 1.12.0
[0m17:41:32.523068 [info ] [MainThread]: python version: 3.13.3
[0m17:41:32.523185 [info ] [MainThread]: python path: /Users/lukebarousse/Developer/_Scratch/basics_testing/.venv/bin/python
[0m17:41:32.523287 [info ] [MainThread]: os info: macOS-26.6-arm64-arm-64bit-Mach-O
[0m17:41:32.562251 [info ] [MainThread]: Using profiles dir at /Users/lukebarousse/.dbt
[0m17:41:32.562489 [info ] [MainThread]: Using profiles.yml file at /Users/lukebarousse/.dbt/profiles.yml
[0m17:41:32.562619 [info ] [MainThread]: Using dbt_project.yml file at /Users/lukebarousse/Developer/_Scratch/basics_testing/dbt_project.yml
[0m17:41:32.562782 [error] [MainThread]: [[31mERROR[0m]: Encountered an error:
Internal Error
  Profile should not be None if loading profile completed
[0m17:41:32.564062 [debug] [MainThread]: Resource report: {"command_name": "debug", "command_success": false, "command_wall_clock_time": 0.07929171, "process_in_blocks": "0", "process_kernel_time": 0.072186, "process_mem_max_rss": "140886016", "process_out_blocks": "0", "process_user_time": 0.547264}
[0m17:41:32.564279 [debug] [MainThread]: Command `dbt debug` failed at 17:41:32.564234 after 0.08 seconds
[0m17:41:32.564498 [debug] [MainThread]: Sending event: {'category': 'dbt', 'action': 'invocation', 'label': 'end', 'context': [<snowplow_tracker.self_describing_json.SelfDescribingJson object at 0x10bff1350>, <snowplow_tracker.self_describing_json.SelfDescribingJson object at 0x10bf5fbf0>, <snowplow_tracker.self_describing_json.SelfDescribingJson object at 0x10bf7f350>]}
[0m17:41:32.564699 [debug] [MainThread]: Flushing usage events
[0m17:41:32.722910 [debug] [MainThread]: An error was encountered while trying to flush usage events
